=== add_ai_member called ===
Raw data: {'personality': 'idea', 'count': 1, 'voicevox_speaker_id': 3, 'voicevox_style_id': 0, 'voicevox_speed': 1.0, 'voicevox_pitch': 0.0}
voicevox_speaker_id from request: 3
voicevox_speaker_id parsed: 3

About to create AI member with voicevox_speaker_id=3
Created AI member 0: id=43, voicevox_speaker_id=3
=== add_ai_member called ===
Raw data: {'personality': 'idea', 'count': 1, 'voicevox_speaker_id': None, 'voicevox_style_id': 3, 'voicevox_speed': 1.2, 'voicevox_pitch': 0}
voicevox_speaker_id from request: None
voicevox_speaker_id parsed: 1

About to create AI member with voicevox_speaker_id=1
Created AI member 0: id=44, voicevox_speaker_id=1
=== add_ai_member called ===
Raw data: {'personality': 'idea', 'count': 1, 'voicevox_speaker_id': None, 'voicevox_style_id': 3, 'voicevox_speed': 1.2, 'voicevox_pitch': 0}
voicevox_speaker_id from request: None
voicevox_speaker_id parsed: 1

About to create AI member with voicevox_speaker_id=1
Created AI member 0: id=45, voicevox_speaker_id=1
=== add_ai_member called ===
Raw data: {'personality': 'idea', 'count': 1, 'voicevox_speaker_id': 3, 'voicevox_style_id': 3, 'voicevox_speed': 1.2, 'voicevox_pitch': 0}
voicevox_speaker_id from request: 3
voicevox_speaker_id parsed: 3

About to create AI member with voicevox_speaker_id=3
Created AI member 0: id=46, voicevox_speaker_id=3
=== add_ai_member called ===
Raw data: {'personality': 'negative', 'count': 1, 'voicevox_speaker_id': 11, 'voicevox_style_id': 11, 'voicevox_speed': 1.2, 'voicevox_pitch': 0}
voicevox_speaker_id from request: 11
voicevox_speaker_id parsed: 11

About to create AI member with voicevox_speaker_id=11
Created AI member 0: id=47, voicevox_speaker_id=11
=== add_ai_member called ===
Raw data: {'personality': 'idea', 'count': 1, 'voicevox_speaker_id': 3, 'voicevox_style_id': 3, 'voicevox_speed': 1, 'voicevox_pitch': 0}
voicevox_speaker_id from request: 3
voicevox_speaker_id parsed: 3

About to create AI member with voicevox_speaker_id=3
Created AI member 0: id=48, voicevox_speaker_id=3
=== add_ai_member called ===
Raw data: {'personality': 'idea', 'count': 1, 'voicevox_speaker_id': 8, 'voicevox_style_id': 8, 'voicevox_speed': 1, 'voicevox_pitch': 0}
voicevox_speaker_id from request: 8
voicevox_speaker_id parsed: 8

About to create AI member with voicevox_speaker_id=8
Created AI member 0: id=49, voicevox_speaker_id=8
=== add_ai_member called ===
Raw data: {'personality': 'idea', 'count': 1, 'voicevox_speaker_id': 14, 'voicevox_style_id': 14, 'voicevox_speed': 1, 'voicevox_pitch': 0}
voicevox_speaker_id from request: 14
voicevox_speaker_id parsed: 14

About to create AI member with voicevox_speaker_id=14
Created AI member 0: id=50, voicevox_speaker_id=14
=== add_ai_member called ===
Raw data: {'personality': 'idea', 'count': 1, 'voicevox_speaker_id': 17, 'voicevox_style_id': 69, 'voicevox_speed': 1, 'voicevox_pitch': 0}
voicevox_speaker_id from request: 17
voicevox_speaker_id parsed: 17

About to create AI member with voicevox_speaker_id=17
Created AI member 0: id=51, voicevox_speaker_id=17
=== add_ai_member called ===
Raw data: {'personality': 'idea', 'count': 1, 'voicevox_speaker_id': 3, 'voicevox_style_id': 7, 'voicevox_speed': 1, 'voicevox_pitch': 0}
voicevox_speaker_id from request: 3
voicevox_speaker_id parsed: 3

About to create AI member with voicevox_speaker_id=3
Created AI member 0: id=52, voicevox_speaker_id=3
=== add_ai_member called ===
Raw data: {'personality': 'idea', 'count': 1, 'voicevox_speaker_id': 2, 'voicevox_style_id': 36, 'voicevox_speed': 1, 'voicevox_pitch': 0}
voicevox_speaker_id from request: 2
voicevox_speaker_id parsed: 2

About to create AI member with voicevox_speaker_id=2
Created AI member 0: id=53, voicevox_speaker_id=2
=== add_ai_member called ===
Raw data: {'personality': 'idea', 'count': 1, 'voicevox_speaker_id': 3, 'voicevox_style_id': 1, 'voicevox_speed': 1, 'voicevox_pitch': 0}
voicevox_speaker_id from request: 3
voicevox_speaker_id parsed: 3

About to create AI member with voicevox_speaker_id=3
Created AI member 0: id=54, voicevox_speaker_id=3
=== add_ai_member called ===
Raw data: {'personality': 'idea', 'count': 1, 'voicevox_speaker_id': 3, 'voicevox_style_id': 3, 'voicevox_speed': 1, 'voicevox_pitch': 0}
voicevox_speaker_id from request: 3
voicevox_speaker_id parsed: 3

About to create AI member with voicevox_speaker_id=3
Created AI member 0: id=55, voicevox_speaker_id=3
=== add_ai_member called ===
Raw data: {'personality': 'idea', 'count': 1, 'voicevox_speaker_id': 3, 'voicevox_style_id': 3, 'voicevox_speed': 1, 'voicevox_pitch': 0}
voicevox_speaker_id from request: 3
voicevox_speaker_id parsed: 3

About to create AI member with voicevox_speaker_id=3
Created AI member 0: id=56, voicevox_speaker_id=3
=== add_ai_member called ===
Raw data: {'personality': 'idea', 'count': 1, 'voicevox_speaker_id': 3, 'voicevox_style_id': 3, 'voicevox_speed': 1, 'voicevox_pitch': 0}
voicevox_speaker_id from request: 3
voicevox_speaker_id parsed: 3

About to create AI member with voicevox_speaker_id=3
Created AI member 0: id=57, voicevox_speaker_id=3
